BlockChain Info:
1.
Sender Name: ahmasdsad
Receiver Name: sajfasl
Transaction Value: 2202
Transaction timestamp: 24234
2.
Sender Name: baraa
Receiver Name: regev
Transaction Value: 30
Transaction timestamp: 20:40
3.
Sender Name: regev
Receiver Name: adi
Transaction Value: 15
Transaction timestamp: 20:30
4.
Sender Name: daniel
Receiver Name: baraa
Transaction Value: 100
Transaction timestamp: 20:20
5.
Sender Name: baraa
Receiver Name: daniel
Transaction Value: 20
Transaction timestamp: 20:20
